2025-11-17 11:26:39 [    INFO] [django.request:131] "GET - get_dict_option /system/common/dict/option" 0.053948163986206055
2025-11-17 11:26:41 [ WARNING] [django.request:131] "POST - login /system/auth/login" ([{'type': 'missing', 'loc': ('body', 'data', 'username'), 'msg': 'Field required'}, {'type': 'missing', 'loc': ('body', 'data', 'password'), 'msg': 'Field required'}],)
2025-11-17 11:26:41 [ WARNING] [django.request:253] Unprocessable Content: /system/auth/login
2025-11-17 11:26:42 [    INFO] [django.request:131] "GET - get_dict_option /system/common/dict/option" 0.04524564743041992
2025-11-17 11:26:42 [    INFO] [django.request:131] "POST - validate_yaml /system/yaml/validate" 0.00022482872009277344
2025-11-17 11:26:42 [ WARNING] [django.request:253] Unauthorized: /system/yaml/validate
2025-11-17 11:26:42 [ WARNING] [django.request:253] Method Not Allowed: /system/auth/login
